<html>
<body>
<pre>
<h1>µVision Build Log</h1>
<h2>Project:</h2>
C:\Users\pmohanasundaram\Documents\GitHub\C\edX\EmbeddedSystems\Labware\Lab5_FunctionsInC\Lab5.uvproj
Project File Date:  01/17/2014

<h2>Output:</h2>
Rebuild target 'FunctionsInC'
assembling startup.s...
compiling UART.c...
compiling main.c...
main.c(38): warning:  #111-D: statement is unreachable
        return 0;
main.c: 1 warning, 0 errors
linking...
Program Size: Code=4576 RO-data=840 RW-data=56 ZI-data=1656  
".\FunctionsInC.axf" - 0 Error(s), 1 Warning(s).
Load "C:\\Users\\pmohanasundaram\\Documents\\GitHub\\C\\edX\\EmbeddedSystems\\Labware\\Lab5_FunctionsInC\\FunctionsInC.axf" 
Connecting: Mode=JTAG, Speed=1000000Hz
Erase Done.
Programming Done.
Verify OK.
Clean started: Project: 'Lab5'
   deleting intermediate output files for target 'FunctionsInC'
</pre>
</body>
</html>
pmohanasundaram\\Documents\\GitHub\\C\\edX\\EmbeddedSystems\\Labware\\Lab5_FunctionsInC\\FunctionsInC.axf" 
Connecting: Mode=JTAG, Speed=1000000Hz
Erase Done.
Programming Done.
Verify OK.
