<html>
<body>
<pre>
<h1>µVision Build Log</h1>
<h2>Project:</h2>
C:\Users\pmohanasundaram\Documents\GitHub\C\edX\EmbeddedSystems\Labware\Lab4_IO\Lab4.uvproj
Project File Date:  02/13/2016

<h2>Output:</h2>
Rebuild target 'IO'
compiling main.c...
assembling startup.s...
linking...
Program Size: Code=2752 RO-data=2432 RW-data=56 ZI-data=1752  
".\IO.axf" - 0 Error(s), 0 Warning(s).
Load "C:\\Users\\pmohanasundaram\\Documents\\GitHub\\C\\edX\\EmbeddedSystems\\Labware\\Lab4_IO\\IO.axf" 
Connecting: Mode=JTAG, Speed=1000000Hz
Erase Done.
Programming Done.
Verify OK.
Load "C:\\Users\\pmohanasundaram\\Documents\\GitHub\\C\\edX\\EmbeddedSystems\\Labware\\Lab4_IO\\IO.axf" 
Connecting: Mode=JTAG, Speed=1000000Hz
Erase Done.
Programming Done.
Verify OK.
Load "C:\\Users\\pmohanasundaram\\Documents\\GitHub\\C\\edX\\EmbeddedSystems\\Labware\\Lab4_IO\\IO.axf" 
Connecting: Mode=JTAG, Speed=1000000Hz
Erase Done.
Programming Done.
Verify OK.
</pre>
</body>
</html>
