<html>
<body>
<pre>
<h1>µVision Build Log</h1>
<h2>Project:</h2>
C:\Users\pmohanasundaram\Documents\Git\C\edX\EmbeddedSystems\Labware\Lab7_HeartBlock\Lab7.uvproj
Project File Date:  02/21/2016

<h2>Output:</h2>
Build target 'Lab7'
linking...
Program Size: Code=4268 RO-data=6156 RW-data=80 ZI-data=1752  
".\Lab7.axf" - 0 Error(s), 0 Warning(s).
Load "C:\\Users\\pmohanasundaram\\Documents\\Git\\C\\edX\\EmbeddedSystems\\Labware\\Lab7_HeartBlock\\Lab7.axf" 
Connecting: Mode=JTAG, Speed=1000000Hz
Erase Done.
Programming Done.
Verify OK.
Clean started: Project: 'Lab7'
   deleting intermediate output files for target 'Lab7'
</pre>
</body>
</html>
