<html>
<body>
<pre>
<h1>µVision Build Log</h1>
<h2>Project:</h2>
C:\Users\pmohanasundaram\Documents\Dropbox\edX\EmbeddedSystems\Labware\Printf_UART_4C123\Printf_UART_4C123\printf.uvproj
Project File Date:  05/29/2014

<h2>Output:</h2>
Build target 'printf'
compiling UART.c...
linking...
Program Size: Code=4828 RO-data=32 RW-data=4 ZI-data=1028  
".\printf.axf" - 0 Error(s), 0 Warning(s).
directory
  #include "inc/tm4c123gh6pm.h"
UART.c: 0 warnings, 1 error
compiling main.c...
".\printf.axf" - 1 Error(s), 0 Warning(s).
Target not created
