<html>
<body>
<pre>
<h1>µVision Build Log</h1>
<h2>Project:</h2>
C:\Users\pmohanasundaram\Documents\Dropbox\edX\EmbeddedSystems\Labware\Lab6_BranchingFunctionsDelays\Lab6.uvproj
Project File Date:  04/02/2015

<h2>Output:</h2>
Rebuild target 'Lab6'
assembling startup.s...
compiling BranchingFunctionsDelays.c...
BranchingFunctionsDelays.c(77): warning:  #177-D: variable "Out" was declared but never referenced
        unsigned long Out; // output to PF2 (blue LED)
BranchingFunctionsDelays.c: 1 warning, 0 errors
linking...
Program Size: Code=3700 RO-data=5996 RW-data=56 ZI-data=1752  
".\Lab6.axf" - 0 Error(s), 1 Warning(s).
Load "C:\\Users\\pmohanasundaram\\Documents\\Dropbox\\edX\\EmbeddedSystems\\Labware\\Lab6_BranchingFunctionsDelays\\Lab6.axf" 
Connecting: Mode=JTAG, Speed=1000000Hz
Erase Done.
Programming Done.
Verify OK.
</pre>
</body>
</html>
