<html>
<body>
<pre>
<h1>µVision Build Log</h1>
<h2>Project:</h2>
C:\Users\pmohanasundaram\Documents\Git\C\edX\EmbeddedSystems\Labware\Lab6_BranchingFunctionsDelays\Lab6.uvproj
Project File Date:  02/21/2016

<h2>Output:</h2>
Build target 'Lab6'
linking...
Program Size: Code=3692 RO-data=5996 RW-data=56 ZI-data=1752  
".\Lab6.axf" - 0 Error(s), 0 Warning(s).
Load "C:\\Users\\pmohanasundaram\\Documents\\Git\\C\\edX\\EmbeddedSystems\\Labware\\Lab6_BranchingFunctionsDelays\\Lab6.axf" 
Connecting: Mode=JTAG, Speed=1000000Hz
Connection failed!, error code=&d
Error: Flash Download failed  -  Target DLL has been cancelled
Load "C:\\Users\\pmohanasundaram\\Documents\\Git\\C\\edX\\EmbeddedSystems\\Labware\\Lab6_BranchingFunctionsDelays\\Lab6.axf" 
Connecting: Mode=JTAG, Speed=1000000Hz
Connection failed!, error code=&d
Error: Flash Download failed  -  Target DLL has been cancelled
Load "C:\\Users\\pmohanasundaram\\Documents\\Git\\C\\edX\\EmbeddedSystems\\Labware\\Lab6_BranchingFunctionsDelays\\Lab6.axf" 
Connecting: Mode=JTAG, Speed=1000000Hz
Erase Done.
Programming Done.
Verify OK.
Load "C:\\Users\\pmohanasundaram\\Documents\\Git\\C\\edX\\EmbeddedSystems\\Labware\\Lab6_BranchingFunctionsDelays\\Lab6.axf" 
Connecting: Mode=JTAG, Speed=1000000Hz
Erase Done.
Programming Done.
Verify OK.
Clean started: Project: 'Lab6'
   deleting intermediate output files for target 'Lab6'
</pre>
</body>
</html>
