<html>
<body>
<pre>
<h1>µVision Build Log</h1>
<h2>Project:</h2>
C:\Users\pmohanasundaram\Documents\Git\C\edX\EmbeddedSystems\Labware\Lab8_SwitchLEDinterface\Lab8.uvproj
Project File Date:  02/21/2016

<h2>Output:</h2>
Build target 'Lab8'
compiling SwitchLEDInterface.c...
linking...
Program Size: Code=4104 RO-data=6628 RW-data=68 ZI-data=1756  
".\Lab8.axf" - 0 Error(s), 0 Warning(s).
</pre>
</body>
</html>
hLEDInterface.c(36): error:  #268: declaration may not appear after executable statement in block
        unsigned long volatile delay;
SwitchLEDInterface.c: 0 warnings, 2 errors
".\Lab8.axf" - 2 Error(s), 0 Warning(s).
Target not created
